// Jest Snapshot v1, https://goo.gl/fbAQLP

exports[`Test browser output 1`] = `"a_b_c_text_jquery:3.2.1"`;
